
############################################################
# ALU DECISION LOGIC - COMPREHENSIVE TEST SUITE
############################################################

============================================================
TEST CATEGORY: Dummy Sensor Tests
============================================================
python : Traceback (most recent call last):
At line:1 char:26
+ ... nomous Car" ; python test_scenarios.py 2>&1 > test_output.txt; Get-Co ...
+                   ~~~~~~~~~~~~~~~~~~~~~~~~~~~~~~~~~~~~~~~~~~~~~~~
    + CategoryInfo          : NotSpecified: (Traceback (most recent call last)::String) [], RemoteE 
   xception
    + FullyQualifiedErrorId : NativeCommandError
 
  File "D:\Autonomous Car\test_scenarios.py", line 270, in <module>
    main()
    ~~~~^^
  File "D:\Autonomous Car\test_scenarios.py", line 264, in main
    success = suite.run_all_tests(include_scenarios=not args.quick)
  File "D:\Autonomous Car\test_scenarios.py", line 232, in run_all_tests
    self.test_dummy_sensors()
    ~~~~~~~~~~~~~~~~~~~~~~~^^
  File "D:\Autonomous Car\test_scenarios.py", line 45, in test_dummy_sensors
    self.assert_test(state == VehicleState.CRUISE,
    ~~~~~~~~~~~~~~~~^^^^^^^^^^^^^^^^^^^^^^^^^^^^^^
                    "Clear sensors \u2192 CRUISE state")
                    ^^^^^^^^^^^^^^^^^^^^^^^^^^^^^^^
  File "D:\Autonomous Car\test_scenarios.py", line 28, in assert_test
    print(f"\u2713 PASS: {test_name}")
    ~~~~~^^^^^^^^^^^^^^^^^^^^^^^^
  File "C:\Users\Samarth\AppData\Local\Programs\Python\Python313\Lib\encodings\cp1252.py", line 19, 
in encode
    return codecs.charmap_encode(input,self.errors,encoding_table)[0]
           ~~~~~~~~~~~~~~~~~~~~~^^^^^^^^^^^^^^^^^^^^^^^^^^^^^^^^^^
UnicodeEncodeError: 'charmap' codec can't encode character '\u2713' in position 0: character maps 
to <undefined>
